// Jest Snapshot v1, https://goo.gl/fbAQLP

exports[`LinkList renders horizontal lists correctly 1`] = `
<ul
  className="cl_link_list"
>
  <li>
    <a
      href="/"
    >
      Vestibulum
    </a>
  </li>
  <li>
    <a
      href="#"
      rel="noopener"
      target="_blank"
    >
      Pellentesque venenatis
    </a>
  </li>
  <li>
    <a
      href="#"
      rel="noopener"
      target="_blank"
    >
      Fusce
    </a>
  </li>
  <li>
    <a
      href="#"
      rel="noopener"
      target="_blank"
    >
      Etiam lacinia dolor
    </a>
  </li>
  <li>
    <span
      className="dropdown"
      onBlur={[Function]}
    >
      <a
        className="dropdown_trigger"
        href=""
        onClick={[Function]}
        rel="noopener"
        target="_blank"
      >
        <span>
          Suspendisse semper
        </span>
        <span>
          <svg
            height={8}
            viewBox="0 0 11 8"
            width={11}
          >
            <path
              d="M9.524.724l1.262 1.263L5.393 7.38 0 1.987 1.263.724l4.13 4.131z"
              fillRule="evenodd"
            />
          </svg>
        </span>
      </a>
      <div
        className="dropdown_menu"
        onMouseDown={[Function]}
      >
        <ul>
          <li>
            <a
              href="/"
            >
              Vestibulum vitae
            </a>
          </li>
          <li>
            <a
              href="#"
              rel="noopener"
              target="_blank"
            >
              Pellentesque tempor venenatis
            </a>
          </li>
          <li>
            <a
              href="#"
              rel="noopener"
              target="_blank"
            >
              Fusce molestie
            </a>
          </li>
          <li>
            <a
              href="#"
              rel="noopener"
              target="_blank"
            >
              Etiam in lacinia dolor
            </a>
          </li>
        </ul>
      </div>
    </span>
  </li>
  <li>
    <a
      className="button button"
      href=""
      rel="noopener"
      target="_blank"
    >
      Quisque interdum
    </a>
  </li>
</ul>
`;

exports[`LinkList renders vertical lists correctly 1`] = `
<ul
  className="cl_link_list cl_link_list_is_vertical"
>
  <li>
    <strong>
      Quisque
    </strong>
  </li>
  <li>
    <a
      href="/"
    >
      Vestibulum vitae
    </a>
  </li>
  <li>
    <a
      href="#"
      rel="noopener"
      target="_blank"
    >
      Pellentesque tempor venenatis
    </a>
  </li>
  <li>
    <a
      href="#"
      rel="noopener"
      target="_blank"
    >
      Fusce molestie
    </a>
  </li>
  <li>
    <a
      href="#"
      rel="noopener"
      target="_blank"
    >
      Etiam in lacinia dolor
    </a>
  </li>
</ul>
`;
